running egg_info
creating ../build/bp001_description/bp001_description.egg-info
writing ../build/bp001_description/bp001_description.egg-info/PKG-INFO
writing dependency_links to ../build/bp001_description/bp001_description.egg-info/dependency_links.txt
writing entry points to ../build/bp001_description/bp001_description.egg-info/entry_points.txt
writing requirements to ../build/bp001_description/bp001_description.egg-info/requires.txt
writing top-level names to ../build/bp001_description/bp001_description.egg-info/top_level.txt
writing manifest file '../build/bp001_description/bp001_description.egg-info/SOURCES.txt'
reading manifest file '../build/bp001_description/bp001_description.egg-info/SOURCES.txt'
writing manifest file '../build/bp001_description/bp001_description.egg-info/SOURCES.txt'
running build
running install
running install_data
creating /mnt/c/Users/umas_local/Documents/user/ws_local/ws_code/self/convert_ros1_to_ros2/example/bp001/ros2/install/bp001_description/share/ament_index
creating /mnt/c/Users/umas_local/Documents/user/ws_local/ws_code/self/convert_ros1_to_ros2/example/bp001/ros2/install/bp001_description/share/ament_index/resource_index
creating /mnt/c/Users/umas_local/Documents/user/ws_local/ws_code/self/convert_ros1_to_ros2/example/bp001/ros2/install/bp001_description/share/ament_index/resource_index/packages
copying resource/bp001_description -> /mnt/c/Users/umas_local/Documents/user/ws_local/ws_code/self/convert_ros1_to_ros2/example/bp001/ros2/install/bp001_description/share/ament_index/resource_index/packages
copying package.xml -> /mnt/c/Users/umas_local/Documents/user/ws_local/ws_code/self/convert_ros1_to_ros2/example/bp001/ros2/install/bp001_description/share/bp001_description
copying launch/launch.py -> /mnt/c/Users/umas_local/Documents/user/ws_local/ws_code/self/convert_ros1_to_ros2/example/bp001/ros2/install/bp001_description/share/bp001_description
creating /mnt/c/Users/umas_local/Documents/user/ws_local/ws_code/self/convert_ros1_to_ros2/example/bp001/ros2/install/bp001_description/share/bp001_description/urdf
copying urdf/bp001_description.xacro -> /mnt/c/Users/umas_local/Documents/user/ws_local/ws_code/self/convert_ros1_to_ros2/example/bp001/ros2/install/bp001_description/share/bp001_description/urdf/
creating /mnt/c/Users/umas_local/Documents/user/ws_local/ws_code/self/convert_ros1_to_ros2/example/bp001/ros2/install/bp001_description/share/bp001_description/rviz
copying rviz/default.rviz -> /mnt/c/Users/umas_local/Documents/user/ws_local/ws_code/self/convert_ros1_to_ros2/example/bp001/ros2/install/bp001_description/share/bp001_description/rviz/
creating /mnt/c/Users/umas_local/Documents/user/ws_local/ws_code/self/convert_ros1_to_ros2/example/bp001/ros2/install/bp001_description/share/bp001_description/meshes
creating /mnt/c/Users/umas_local/Documents/user/ws_local/ws_code/self/convert_ros1_to_ros2/example/bp001/ros2/install/bp001_description/share/bp001_description/meshes/collision
copying meshes/collision/base_link.STL -> /mnt/c/Users/umas_local/Documents/user/ws_local/ws_code/self/convert_ros1_to_ros2/example/bp001/ros2/install/bp001_description/share/bp001_description/meshes/collision/
copying meshes/collision/link_lw.STL -> /mnt/c/Users/umas_local/Documents/user/ws_local/ws_code/self/convert_ros1_to_ros2/example/bp001/ros2/install/bp001_description/share/bp001_description/meshes/collision/
copying meshes/collision/link_rw.STL -> /mnt/c/Users/umas_local/Documents/user/ws_local/ws_code/self/convert_ros1_to_ros2/example/bp001/ros2/install/bp001_description/share/bp001_description/meshes/collision/
creating /mnt/c/Users/umas_local/Documents/user/ws_local/ws_code/self/convert_ros1_to_ros2/example/bp001/ros2/install/bp001_description/share/bp001_description/meshes/visual
copying meshes/visual/base_link.STL -> /mnt/c/Users/umas_local/Documents/user/ws_local/ws_code/self/convert_ros1_to_ros2/example/bp001/ros2/install/bp001_description/share/bp001_description/meshes/visual/
copying meshes/visual/link_lw.STL -> /mnt/c/Users/umas_local/Documents/user/ws_local/ws_code/self/convert_ros1_to_ros2/example/bp001/ros2/install/bp001_description/share/bp001_description/meshes/visual/
copying meshes/visual/link_rw.STL -> /mnt/c/Users/umas_local/Documents/user/ws_local/ws_code/self/convert_ros1_to_ros2/example/bp001/ros2/install/bp001_description/share/bp001_description/meshes/visual/
running install_egg_info
Copying ../build/bp001_description/bp001_description.egg-info to /mnt/c/Users/umas_local/Documents/user/ws_local/ws_code/self/convert_ros1_to_ros2/example/bp001/ros2/install/bp001_description/lib/python3.10/site-packages/bp001_description-0.0.0-py3.10.egg-info
running install_scripts
writing list of installed files to '/mnt/c/Users/umas_local/Documents/user/ws_local/ws_code/self/convert_ros1_to_ros2/example/bp001/ros2/build/bp001_description/install.log'
