[1.574s] Invoking command in '/mnt/c/Users/umas_local/Documents/user/ws_local/ws_code/self/convert_ros1_to_ros2/example/bp001/ros2/bp001_description': PYTHONPATH=/mnt/c/Users/umas_local/Documents/user/ws_local/ws_code/self/convert_ros1_to_ros2/example/bp001/ros2/build/bp001_description/prefix_override:/usr/lib/python3/dist-packages/colcon_core/task/python/colcon_distutils_commands:/mnt/c/Users/umas_local/Documents/user/ws_local/ws_code/self/convert_ros1_to_ros2/example/bp001/ros2/install/bp001_description/lib/python3.10/site-packages:${PYTHONPATH} /usr/bin/python3 -W ignore:setup.py install is deprecated -W ignore:easy_install command is deprecated setup.py egg_info --egg-base ../build/bp001_description build --build-base /mnt/c/Users/umas_local/Documents/user/ws_local/ws_code/self/convert_ros1_to_ros2/example/bp001/ros2/build/bp001_description/build install --record /mnt/c/Users/umas_local/Documents/user/ws_local/ws_code/self/convert_ros1_to_ros2/example/bp001/ros2/build/bp001_description/install.log --single-version-externally-managed install_data
[2.387s] running egg_info
[2.392s] creating ../build/bp001_description/bp001_description.egg-info
[2.396s] writing ../build/bp001_description/bp001_description.egg-info/PKG-INFO
[2.406s] writing dependency_links to ../build/bp001_description/bp001_description.egg-info/dependency_links.txt
[2.413s] writing entry points to ../build/bp001_description/bp001_description.egg-info/entry_points.txt
[2.419s] writing requirements to ../build/bp001_description/bp001_description.egg-info/requires.txt
[2.423s] writing top-level names to ../build/bp001_description/bp001_description.egg-info/top_level.txt
[2.431s] writing manifest file '../build/bp001_description/bp001_description.egg-info/SOURCES.txt'
[2.472s] reading manifest file '../build/bp001_description/bp001_description.egg-info/SOURCES.txt'
[2.541s] writing manifest file '../build/bp001_description/bp001_description.egg-info/SOURCES.txt'
[2.545s] running build
[2.546s] running install
[2.546s] running install_data
[2.553s] creating /mnt/c/Users/umas_local/Documents/user/ws_local/ws_code/self/convert_ros1_to_ros2/example/bp001/ros2/install/bp001_description/share/ament_index
[2.556s] creating /mnt/c/Users/umas_local/Documents/user/ws_local/ws_code/self/convert_ros1_to_ros2/example/bp001/ros2/install/bp001_description/share/ament_index/resource_index
[2.559s] creating /mnt/c/Users/umas_local/Documents/user/ws_local/ws_code/self/convert_ros1_to_ros2/example/bp001/ros2/install/bp001_description/share/ament_index/resource_index/packages
[2.571s] copying resource/bp001_description -> /mnt/c/Users/umas_local/Documents/user/ws_local/ws_code/self/convert_ros1_to_ros2/example/bp001/ros2/install/bp001_description/share/ament_index/resource_index/packages
[2.596s] copying package.xml -> /mnt/c/Users/umas_local/Documents/user/ws_local/ws_code/self/convert_ros1_to_ros2/example/bp001/ros2/install/bp001_description/share/bp001_description
[2.618s] copying launch/launch.py -> /mnt/c/Users/umas_local/Documents/user/ws_local/ws_code/self/convert_ros1_to_ros2/example/bp001/ros2/install/bp001_description/share/bp001_description
[2.638s] creating /mnt/c/Users/umas_local/Documents/user/ws_local/ws_code/self/convert_ros1_to_ros2/example/bp001/ros2/install/bp001_description/share/bp001_description/urdf
[2.649s] copying urdf/bp001_description.xacro -> /mnt/c/Users/umas_local/Documents/user/ws_local/ws_code/self/convert_ros1_to_ros2/example/bp001/ros2/install/bp001_description/share/bp001_description/urdf/
[2.670s] creating /mnt/c/Users/umas_local/Documents/user/ws_local/ws_code/self/convert_ros1_to_ros2/example/bp001/ros2/install/bp001_description/share/bp001_description/rviz
[2.680s] copying rviz/default.rviz -> /mnt/c/Users/umas_local/Documents/user/ws_local/ws_code/self/convert_ros1_to_ros2/example/bp001/ros2/install/bp001_description/share/bp001_description/rviz/
[2.704s] creating /mnt/c/Users/umas_local/Documents/user/ws_local/ws_code/self/convert_ros1_to_ros2/example/bp001/ros2/install/bp001_description/share/bp001_description/meshes
[2.707s] creating /mnt/c/Users/umas_local/Documents/user/ws_local/ws_code/self/convert_ros1_to_ros2/example/bp001/ros2/install/bp001_description/share/bp001_description/meshes/collision
[2.720s] copying meshes/collision/base_link.STL -> /mnt/c/Users/umas_local/Documents/user/ws_local/ws_code/self/convert_ros1_to_ros2/example/bp001/ros2/install/bp001_description/share/bp001_description/meshes/collision/
[2.750s] copying meshes/collision/link_lw.STL -> /mnt/c/Users/umas_local/Documents/user/ws_local/ws_code/self/convert_ros1_to_ros2/example/bp001/ros2/install/bp001_description/share/bp001_description/meshes/collision/
[2.778s] copying meshes/collision/link_rw.STL -> /mnt/c/Users/umas_local/Documents/user/ws_local/ws_code/self/convert_ros1_to_ros2/example/bp001/ros2/install/bp001_description/share/bp001_description/meshes/collision/
[2.803s] creating /mnt/c/Users/umas_local/Documents/user/ws_local/ws_code/self/convert_ros1_to_ros2/example/bp001/ros2/install/bp001_description/share/bp001_description/meshes/visual
[2.816s] copying meshes/visual/base_link.STL -> /mnt/c/Users/umas_local/Documents/user/ws_local/ws_code/self/convert_ros1_to_ros2/example/bp001/ros2/install/bp001_description/share/bp001_description/meshes/visual/
[2.847s] copying meshes/visual/link_lw.STL -> /mnt/c/Users/umas_local/Documents/user/ws_local/ws_code/self/convert_ros1_to_ros2/example/bp001/ros2/install/bp001_description/share/bp001_description/meshes/visual/
[2.877s] copying meshes/visual/link_rw.STL -> /mnt/c/Users/umas_local/Documents/user/ws_local/ws_code/self/convert_ros1_to_ros2/example/bp001/ros2/install/bp001_description/share/bp001_description/meshes/visual/
[2.897s] running install_egg_info
[2.915s] Copying ../build/bp001_description/bp001_description.egg-info to /mnt/c/Users/umas_local/Documents/user/ws_local/ws_code/self/convert_ros1_to_ros2/example/bp001/ros2/install/bp001_description/lib/python3.10/site-packages/bp001_description-0.0.0-py3.10.egg-info
[3.194s] running install_scripts
[3.269s] writing list of installed files to '/mnt/c/Users/umas_local/Documents/user/ws_local/ws_code/self/convert_ros1_to_ros2/example/bp001/ros2/build/bp001_description/install.log'
[3.293s] Invoked command in '/mnt/c/Users/umas_local/Documents/user/ws_local/ws_code/self/convert_ros1_to_ros2/example/bp001/ros2/bp001_description' returned '0': PYTHONPATH=/mnt/c/Users/umas_local/Documents/user/ws_local/ws_code/self/convert_ros1_to_ros2/example/bp001/ros2/build/bp001_description/prefix_override:/usr/lib/python3/dist-packages/colcon_core/task/python/colcon_distutils_commands:/mnt/c/Users/umas_local/Documents/user/ws_local/ws_code/self/convert_ros1_to_ros2/example/bp001/ros2/install/bp001_description/lib/python3.10/site-packages:${PYTHONPATH} /usr/bin/python3 -W ignore:setup.py install is deprecated -W ignore:easy_install command is deprecated setup.py egg_info --egg-base ../build/bp001_description build --build-base /mnt/c/Users/umas_local/Documents/user/ws_local/ws_code/self/convert_ros1_to_ros2/example/bp001/ros2/build/bp001_description/build install --record /mnt/c/Users/umas_local/Documents/user/ws_local/ws_code/self/convert_ros1_to_ros2/example/bp001/ros2/build/bp001_description/install.log --single-version-externally-managed install_data
